2026-05-08 11:03:15 | INFO     | core.order_service | Placing MARKET order | symbol=BTCUSDT side=BUY qty=0.001
2026-05-08 11:03:15 | INFO     | api.binance_client | POST https://testnet.binancefuture.com/fapi/v1/order | params: {'symbol': 'BTCUSDT', 'side': 'BUY', 'type': 'MARKET', 'quantity': 0.001, 'timestamp': 1778218395692}
2026-05-08 11:03:16 | INFO     | api.binance_client | Response 401 | body: {"code":-2014,"msg":"API-key format invalid."}
2026-05-08 11:03:16 | ERROR    | core.order_service | Order FAILED | symbol=BTCUSDT side=BUY type=MARKET
2026-05-08 11:03:16 | ERROR    | core.error_handler | Binance API error | HTTP 401 | code=-2014 | msg=API-key format invalid.
2026-05-08 11:03:16 | ERROR    | cli.commands | Order failed: API-key format invalid.
2026-05-08 11:03:27 | INFO     | core.order_service | Placing LIMIT order | symbol=BTCUSDT side=BUY qty=0.001 price=50000.0
2026-05-08 11:03:27 | INFO     | api.binance_client | POST https://testnet.binancefuture.com/fapi/v1/order | params: {'symbol': 'BTCUSDT', 'side': 'BUY', 'type': 'LIMIT', 'quantity': 0.001, 'price': 50000.0, 'timeInForce': 'GTC', 'timestamp': 1778218407911}
2026-05-08 11:03:28 | INFO     | api.binance_client | Response 401 | body: {"code":-2014,"msg":"API-key format invalid."}
2026-05-08 11:03:28 | ERROR    | core.order_service | Order FAILED | symbol=BTCUSDT side=BUY type=LIMIT
2026-05-08 11:03:28 | ERROR    | core.error_handler | Binance API error | HTTP 401 | code=-2014 | msg=API-key format invalid.
2026-05-08 11:03:28 | ERROR    | cli.commands | Order failed: API-key format invalid.
2026-05-08 11:10:55 | INFO     | core.order_service | Placing MARKET order | symbol=BTCUSDT side=BUY qty=0.001
2026-05-08 11:10:55 | INFO     | api.binance_client | POST https://testnet.binancefuture.com/fapi/v1/order | params: {'symbol': 'BTCUSDT', 'side': 'BUY', 'type': 'MARKET', 'quantity': 0.001, 'timestamp': 1778218855536}
2026-05-08 11:10:55 | INFO     | api.binance_client | Response 200 | body: {"orderId":13119875035,"symbol":"BTCUSDT","status":"NEW","clientOrderId":"rc7827b2ylCbHObd1GiMQ8","price":"0.00","avgPrice":"0.00","origQty":"0.0010","executedQty":"0.0000","cumQty":"0.0000","cumQuote":"0.000000","timeInForce":"GTC","type":"MARKET","reduceOnly":false,"closePosition":false,"side":"BUY","positionSide":"BOTH","stopPrice":"0.00","workingType":"CONTRACT_PRICE","priceProtect":false,"origType":"MARKET","priceMatch":"NONE","selfTradePreventionMode":"EXPIRE_MAKER","goodTillDate":0,"updat
2026-05-08 11:10:55 | INFO     | core.order_service | Order SUCCESS | id=13119875035 symbol=BTCUSDT side=BUY type=MARKET qty=0.0 price=0.0 status=NEW
2026-05-08 11:11:02 | INFO     | core.order_service | Placing LIMIT order | symbol=BTCUSDT side=BUY qty=0.001 price=50000.0
2026-05-08 11:11:02 | INFO     | api.binance_client | POST https://testnet.binancefuture.com/fapi/v1/order | params: {'symbol': 'BTCUSDT', 'side': 'BUY', 'type': 'LIMIT', 'quantity': 0.001, 'price': 50000.0, 'timeInForce': 'GTC', 'timestamp': 1778218862475}
2026-05-08 11:11:02 | INFO     | api.binance_client | Response 200 | body: {"orderId":13119875213,"symbol":"BTCUSDT","status":"NEW","clientOrderId":"XZ2lSPRsx80tggS0i7nXjH","price":"50000.00","avgPrice":"0.00","origQty":"0.0010","executedQty":"0.0000","cumQty":"0.0000","cumQuote":"0.000000","timeInForce":"GTC","type":"LIMIT","reduceOnly":false,"closePosition":false,"side":"BUY","positionSide":"BOTH","stopPrice":"0.00","workingType":"CONTRACT_PRICE","priceProtect":false,"origType":"LIMIT","priceMatch":"NONE","selfTradePreventionMode":"EXPIRE_MAKER","goodTillDate":0,"upd
2026-05-08 11:11:02 | INFO     | core.order_service | Order SUCCESS | id=13119875213 symbol=BTCUSDT side=BUY type=LIMIT qty=0.0 price=0.0 status=NEW
2026-05-08 11:12:32 | INFO     | core.order_service | Placing MARKET order | symbol=BTCUSDT side=BUY qty=0.001
2026-05-08 11:12:32 | INFO     | api.binance_client | POST https://testnet.binancefuture.com/fapi/v1/order | params: {'symbol': 'BTCUSDT', 'side': 'BUY', 'type': 'MARKET', 'quantity': 0.001, 'timestamp': 1778218952076}
2026-05-08 11:12:32 | INFO     | api.binance_client | Response 200 | body: {"orderId":13119877218,"symbol":"BTCUSDT","status":"NEW","clientOrderId":"MInHEPUKf6FFKqm4UIDZOu","price":"0.00","avgPrice":"0.00","origQty":"0.0010","executedQty":"0.0000","cumQty":"0.0000","cumQuote":"0.000000","timeInForce":"GTC","type":"MARKET","reduceOnly":false,"closePosition":false,"side":"BUY","positionSide":"BOTH","stopPrice":"0.00","workingType":"CONTRACT_PRICE","priceProtect":false,"origType":"MARKET","priceMatch":"NONE","selfTradePreventionMode":"EXPIRE_MAKER","goodTillDate":0,"updat
2026-05-08 11:12:32 | INFO     | core.order_service | Order SUCCESS | id=13119877218 symbol=BTCUSDT side=BUY type=MARKET qty=0.001 price=0.0 status=NEW
2026-05-08 11:12:32 | INFO     | core.order_service | Placing LIMIT order | symbol=BTCUSDT side=BUY qty=0.001 price=50000.0
2026-05-08 11:12:32 | INFO     | api.binance_client | POST https://testnet.binancefuture.com/fapi/v1/order | params: {'symbol': 'BTCUSDT', 'side': 'BUY', 'type': 'LIMIT', 'quantity': 0.001, 'price': 50000.0, 'timeInForce': 'GTC', 'timestamp': 1778218952780}
2026-05-08 11:12:33 | INFO     | api.binance_client | Response 200 | body: {"orderId":13119877230,"symbol":"BTCUSDT","status":"NEW","clientOrderId":"hyBi9RqpweuvFOJnMAQNQO","price":"50000.00","avgPrice":"0.00","origQty":"0.0010","executedQty":"0.0000","cumQty":"0.0000","cumQuote":"0.000000","timeInForce":"GTC","type":"LIMIT","reduceOnly":false,"closePosition":false,"side":"BUY","positionSide":"BOTH","stopPrice":"0.00","workingType":"CONTRACT_PRICE","priceProtect":false,"origType":"LIMIT","priceMatch":"NONE","selfTradePreventionMode":"EXPIRE_MAKER","goodTillDate":0,"upd
2026-05-08 11:12:33 | INFO     | core.order_service | Order SUCCESS | id=13119877230 symbol=BTCUSDT side=BUY type=LIMIT qty=0.001 price=0.0 status=NEW
